{"tagName": "LineChart", "attributes": {"width": 400, "height": 300, "data": [{"x": 1, "y": 2}, {"x": 2, "y": 10}]}, "importSource": {"source": "components-test-lib.js", "sourceType": "NAME", "fallback": "\u231b", "unmountBeforeUpdate": false}, "children": [{"tagName": "CartesianGrid", "attributes": {"strokeDasharray": "3 3"}, "importSource": {"source": "components-test-lib.js", "sourceType": "NAME", "fallback": "\u231b", "unmountBeforeUpdate": false}}, {"tagName": "XAxis", "attributes": {"dataKey": "x", "label": ""}, "importSource": {"source": "components-test-lib.js", "sourceType": "NAME", "fallback": "\u231b", "unmountBeforeUpdate": false}}, {"tagName": "YAxis", "attributes": {"label": {"value": "", "angle": -90, "position": "insideLeft"}}, "importSource": {"source": "components-test-lib.js", "sourceType": "NAME", "fallback": "\u231b", "unmountBeforeUpdate": false}}, {"tagName": "Tooltip", "importSource": {"source": "components-test-lib.js", "sourceType": "NAME", "fallback": "\u231b", "unmountBeforeUpdate": false}}, {"tagName": "Line", "attributes": {"type": "monotone", "dataKey": "y"}, "importSource": {"source": "components-test-lib.js", "sourceType": "NAME", "fallback": "\u231b", "unmountBeforeUpdate": false}}]}