{"tagName": "Plot", "attributes": {"data": [{"x": [1, 2], "y": [2, 10], "type": "scatter", "mode": "lines+markers", "marker": {"color": "red"}}], "layout": {"width": 400, "height": 300, "title": {"text": ""}, "xaxis": {"title": {"text": ""}}, "yaxis": {"title": {"text": ""}}}}, "importSource": {"source": "components-test-lib.js", "sourceType": "NAME", "fallback": "\u231b", "unmountBeforeUpdate": false}}