{"tagName": "div", "attributes": {"style": {"height": "100%", "width": "100%"}}, "children": [null, {"tagName": "div", "attributes": {"style": {"display": null, "height": "100%", "width": "100%"}}, "key": "page-content", "children": ["TEST"]}]}