{"tagName": "Plot", "attributes": {"data": [{"x": [], "y": [], "type": "scatter", "mode": "lines+markers", "marker": {"color": "red"}}], "layout": {"width": 400, "height": 300, "title": {"text": ""}, "xaxis": {"title": {"text": ""}}, "yaxis": {"title": {"text": ""}}}}, "importSource": {"source": "components-test-lib.js", "sourceType": "NAME", "fallback": "\u231b", "unmountBeforeUpdate": false}}