{"tagName": "div", "attributes": {"role": "dialog", "aria-modal": "true", "className": "offcanvas offcanvas-end show", "tabIndex": "-1", "style": {"visibility": "visible", "width": "500px"}}, "children": [{"tagName": "div", "attributes": {"className": "offcanvas-header"}, "children": [{"tagName": "div", "attributes": {"className": "offcanvas-title h5"}, "children": ["Panel"]}, {"tagName": "button", "attributes": {"type": "button", "className": "btn-close", "aria-label": "true"}, "eventHandlers": {"onClick": "EventHandler"}}]}, {"tagName": "div", "attributes": {"className": "offcanvas-body"}, "children": []}]}