{"tagName": "", "children": [{"tagName": "div", "attributes": {"style": {"zIndex": 1029, "background": "white", "top": 0, "right": 0, "bottom": 0, "left": 0, "position": "absolute"}}, "children": [{"tagName": "div", "attributes": {"className": "center"}}, {"tagName": "div", "attributes": {"className": "inner-spin"}, "children": [{"tagName": "div", "attributes": {"className": "inner-arc inner-arc_start-a"}}, {"tagName": "div", "attributes": {"className": "inner-arc inner-arc_end-a"}}, {"tagName": "div", "attributes": {"className": "inner-arc inner-arc_start-b"}}, {"tagName": "div", "attributes": {"className": "inner-arc inner-arc_end-b"}}, {"tagName": "div", "attributes": {"className": "inner-moon-a"}}, {"tagName": "div", "attributes": {"className": "inner-moon-b"}}]}, {"tagName": "div", "attributes": {"className": "outer-spin"}, "children": [{"tagName": "div", "attributes": {"className": "outer-arc outer-arc_start-a"}}, {"tagName": "div", "attributes": {"className": "outer-arc outer-arc_end-a"}}, {"tagName": "div", "attributes": {"className": "outer-arc outer-arc_start-b"}}, {"tagName": "div", "attributes": {"className": "outer-arc outer-arc_end-b"}}, {"tagName": "div", "attributes": {"className": "outer-moon-a"}}, {"tagName": "div", "attributes": {"className": "outer-moon-b"}}]}, {"tagName": "div", "attributes": {"className": "loading-text"}, "children": ["Loading..."]}]}]}