{"tagName": "img", "attributes": {"src": "", "className": "d-inline-block align-top", "style": {"padding": 0, "height": "30px", "border-radius": "50%"}}}