{"tagName": "div", "children": [{"tagName": "script", "children": ["window.setTimeout(function () {window.location = \"MOCK\";}, 200);"], "key": "window.setTimeout(function () {window.location = \"MOCK\";}, 200);"}, {"tagName": "Navbar", "attributes": {"fixed": "top", "className": "shadow", "expand": false, "variant": "dark", "style": {"background": "MOCK", "height": "56px", "margin-top": "MOCK", "transition": "margin 0.4s ease", "-webkit-transition": "margin 0.4s ease", "-moz-transition": "margin 0.4s ease", "-o-transition": "margin 0.4s ease"}}, "key": "navbar", "importSource": {"source": "components-test-lib.js", "sourceType": "NAME", "fallback": "\u231b", "unmountBeforeUpdate": false}, "children": [{"tagName": "Container", "attributes": {"as": "header", "fluid": true, "className": "px-4"}, "importSource": {"source": "components-test-lib.js", "sourceType": "NAME", "fallback": "\u231b", "unmountBeforeUpdate": false}, "children": [{"tagName": "NavbarToggle", "attributes": {"ariaControls": "offcanvasNavbar", "className": "styled-header-button"}, "importSource": {"source": "components-test-lib.js", "sourceType": "NAME", "fallback": "\u231b", "unmountBeforeUpdate": false}}, {"tagName": "NavbarBrand", "attributes": {"href": "/apps/MOCK/", "className": "mx-0 d-none d-sm-block", "style": {"color": "white"}}, "importSource": {"source": "components-test-lib.js", "sourceType": "NAME", "fallback": "\u231b", "unmountBeforeUpdate": false}, "children": [{"tagName": "img", "attributes": {"src": "/static/MOCK", "className": "d-inline-block align-top", "style": {"padding": 0, "height": "30px", "border-radius": "50%", "background-color": "MOCK"}}}, " MOCK"]}, {"tagName": "Form", "attributes": {"inline": "true"}, "importSource": {"source": "components-test-lib.js", "sourceType": "NAME", "fallback": "\u231b", "unmountBeforeUpdate": false}, "children": [{"tagName": "Button", "attributes": {"variant": "light", "size": "sm", "className": "me-2", "style": {"background-color": "rgba(255, 255, 255, 0.1)", "border": "none", "color": "white", "border-radius": "unset"}, "id": "btn-app-settings", "href": "/admin/tethys_apps/tethysapp/999/change/", "children": [{"tagName": "Gear", "attributes": {"size": "1.5rem"}, "importSource": {"source": "components-test-lib.js", "sourceType": "NAME", "fallback": "\u231b", "unmountBeforeUpdate": false}}]}, "importSource": {"source": "components-test-lib.js", "sourceType": "NAME", "fallback": "\u231b", "unmountBeforeUpdate": false}, "children": [{"tagName": "Gear", "attributes": {"size": "1.5rem"}, "importSource": {"source": "components-test-lib.js", "sourceType": "NAME", "fallback": "\u231b", "unmountBeforeUpdate": false}}]}, {"tagName": "Button", "attributes": {"variant": "light", "size": "sm", "className": " styled-header-button", "style": {"background-color": "rgba(255, 255, 255, 0.1)", "border": "none", "color": "white", "border-radius": "unset"}, "id": "btn-exit-app", "href": "#", "children": [{"tagName": "X", "attributes": {"size": "1.5rem"}, "importSource": {"source": "components-test-lib.js", "sourceType": "NAME", "fallback": "\u231b", "unmountBeforeUpdate": false}}]}, "eventHandlers": {"onClick": "EventHandler"}, "importSource": {"source": "components-test-lib.js", "sourceType": "NAME", "fallback": "\u231b", "unmountBeforeUpdate": false}, "children": [{"tagName": "X", "attributes": {"size": "1.5rem"}, "importSource": {"source": "components-test-lib.js", "sourceType": "NAME", "fallback": "\u231b", "unmountBeforeUpdate": false}}]}]}, {"tagName": "NavbarOffcanvas", "attributes": {"id": "offcanvasNavbar", "ariaLabelledby": "offcanvasNavbarLabel"}, "importSource": {"source": "components-test-lib.js", "sourceType": "NAME", "fallback": "\u231b", "unmountBeforeUpdate": false}, "children": [{"tagName": "OffcanvasHeader", "attributes": {"closeButton": true}, "importSource": {"source": "components-test-lib.js", "sourceType": "NAME", "fallback": "\u231b", "unmountBeforeUpdate": false}, "children": [{"tagName": "OffcanvasTitle", "attributes": {"id": "offcanvasNavbarLabel"}, "importSource": {"source": "components-test-lib.js", "sourceType": "NAME", "fallback": "\u231b", "unmountBeforeUpdate": false}, "children": ["Navigation"]}]}, {"tagName": "OffcanvasBody", "children": [{"tagName": "Nav", "attributes": {"variant": "pills", "defaultActiveKey": "/apps/MOCK", "class_name": "flex-column"}, "importSource": {"source": "components-test-lib.js", "sourceType": "NAME", "fallback": "\u231b", "unmountBeforeUpdate": false}}], "importSource": {"source": "components-test-lib.js", "sourceType": "NAME", "fallback": "\u231b", "unmountBeforeUpdate": false}}]}]}]}]}