{"tagName": "Map", "importSource": {"source": "components-test-lib.js", "sourceType": "NAME", "fallback": "\u231b", "unmountBeforeUpdate": false}, "children": [{"tagName": "View", "attributes": {"options": {"projection": "EPSG:3857", "center": [-100, 40], "zoom": 3.5}}, "importSource": {"source": "components-test-lib.js", "sourceType": "NAME", "fallback": "\u231b", "unmountBeforeUpdate": false}}, {"tagName": "GroupLayer", "attributes": {"options": {"title": "Basemap", "fold": "close"}}, "importSource": {"source": "components-test-lib.js", "sourceType": "NAME", "fallback": "\u231b", "unmountBeforeUpdate": false}, "children": [{"tagName": "TileLayer", "attributes": {"options": {"visible": false, "type": "base", "title": "None"}}, "importSource": {"source": "components-test-lib.js", "sourceType": "NAME", "fallback": "\u231b", "unmountBeforeUpdate": false}, "children": [{"tagName": "XYZSource", "importSource": {"source": "components-test-lib.js", "sourceType": "NAME", "fallback": "\u231b", "unmountBeforeUpdate": false}}]}, {"tagName": "TileLayer", "attributes": {"options": {"visible": true, "type": "base", "title": "OpenStreetMap"}}, "importSource": {"source": "components-test-lib.js", "sourceType": "NAME", "fallback": "\u231b", "unmountBeforeUpdate": false}, "children": [{"tagName": "OSMSource", "importSource": {"source": "components-test-lib.js", "sourceType": "NAME", "fallback": "\u231b", "unmountBeforeUpdate": false}}]}, {"tagName": "TileLayer", "attributes": {"options": {"visible": false, "type": "base", "title": "XYZ"}}, "importSource": {"source": "components-test-lib.js", "sourceType": "NAME", "fallback": "\u231b", "unmountBeforeUpdate": false}, "children": [{"tagName": "XYZSource", "attributes": {"options": {"url": "https://maps.wikimedia.org/osm-intl/{z}/{x}/{y}.png"}}, "importSource": {"source": "components-test-lib.js", "sourceType": "NAME", "fallback": "\u231b", "unmountBeforeUpdate": false}}]}, {"tagName": "TileLayer", "attributes": {"options": {"visible": false, "type": "base", "title": "NatGeo World Map"}}, "importSource": {"source": "components-test-lib.js", "sourceType": "NAME", "fallback": "\u231b", "unmountBeforeUpdate": false}, "children": [{"tagName": "XYZSource", "attributes": {"options": {"url": "https://server.arcgisonline.com/ArcGIS/rest/services/NatGeo_World_Map/MapServer/tile/{z}/{y}/{x}"}}, "importSource": {"source": "components-test-lib.js", "sourceType": "NAME", "fallback": "\u231b", "unmountBeforeUpdate": false}}]}, {"tagName": "TileLayer", "attributes": {"options": {"visible": false, "type": "base", "title": "USA Topo Maps"}}, "importSource": {"source": "components-test-lib.js", "sourceType": "NAME", "fallback": "\u231b", "unmountBeforeUpdate": false}, "children": [{"tagName": "XYZSource", "attributes": {"options": {"url": "https://server.arcgisonline.com/ArcGIS/rest/services/USA_Topo_Maps/MapServer/tile/{z}/{y}/{x}"}}, "importSource": {"source": "components-test-lib.js", "sourceType": "NAME", "fallback": "\u231b", "unmountBeforeUpdate": false}}]}, {"tagName": "TileLayer", "attributes": {"options": {"visible": false, "type": "base", "title": "World Imagery"}}, "importSource": {"source": "components-test-lib.js", "sourceType": "NAME", "fallback": "\u231b", "unmountBeforeUpdate": false}, "children": [{"tagName": "XYZSource", "attributes": {"options": {"url": "https://server.arcgisonline.com/ArcGIS/rest/services/World_Imagery/MapServer/tile/{z}/{y}/{x}"}}, "importSource": {"source": "components-test-lib.js", "sourceType": "NAME", "fallback": "\u231b", "unmountBeforeUpdate": false}}]}, {"tagName": "TileLayer", "attributes": {"options": {"visible": false, "type": "base", "title": "World Physical Map"}}, "importSource": {"source": "components-test-lib.js", "sourceType": "NAME", "fallback": "\u231b", "unmountBeforeUpdate": false}, "children": [{"tagName": "XYZSource", "attributes": {"options": {"url": "https://server.arcgisonline.com/ArcGIS/rest/services/World_Physical_Map/MapServer/tile/{z}/{y}/{x}"}}, "importSource": {"source": "components-test-lib.js", "sourceType": "NAME", "fallback": "\u231b", "unmountBeforeUpdate": false}}]}, {"tagName": "TileLayer", "attributes": {"options": {"visible": false, "type": "base", "title": "World Shaded Relief"}}, "importSource": {"source": "components-test-lib.js", "sourceType": "NAME", "fallback": "\u231b", "unmountBeforeUpdate": false}, "children": [{"tagName": "XYZSource", "attributes": {"options": {"url": "https://server.arcgisonline.com/ArcGIS/rest/services/World_Shaded_Relief/MapServer/tile/{z}/{y}/{x}"}}, "importSource": {"source": "components-test-lib.js", "sourceType": "NAME", "fallback": "\u231b", "unmountBeforeUpdate": false}}]}, {"tagName": "TileLayer", "attributes": {"options": {"visible": false, "type": "base", "title": "World Street Map"}}, "importSource": {"source": "components-test-lib.js", "sourceType": "NAME", "fallback": "\u231b", "unmountBeforeUpdate": false}, "children": [{"tagName": "XYZSource", "attributes": {"options": {"url": "https://server.arcgisonline.com/ArcGIS/rest/services/World_Street_Map/MapServer/tile/{z}/{y}/{x}"}}, "importSource": {"source": "components-test-lib.js", "sourceType": "NAME", "fallback": "\u231b", "unmountBeforeUpdate": false}}]}, {"tagName": "TileLayer", "attributes": {"options": {"visible": false, "type": "base", "title": "World Terrain Base"}}, "importSource": {"source": "components-test-lib.js", "sourceType": "NAME", "fallback": "\u231b", "unmountBeforeUpdate": false}, "children": [{"tagName": "XYZSource", "attributes": {"options": {"url": "https://server.arcgisonline.com/ArcGIS/rest/services/World_Terrain_Base/MapServer/tile/{z}/{y}/{x}"}}, "importSource": {"source": "components-test-lib.js", "sourceType": "NAME", "fallback": "\u231b", "unmountBeforeUpdate": false}}]}, {"tagName": "TileLayer", "attributes": {"options": {"visible": false, "type": "base", "title": "World Topo Map"}}, "importSource": {"source": "components-test-lib.js", "sourceType": "NAME", "fallback": "\u231b", "unmountBeforeUpdate": false}, "children": [{"tagName": "XYZSource", "attributes": {"options": {"url": "https://server.arcgisonline.com/ArcGIS/rest/services/World_Topo_Map/MapServer/tile/{z}/{y}/{x}"}}, "importSource": {"source": "components-test-lib.js", "sourceType": "NAME", "fallback": "\u231b", "unmountBeforeUpdate": false}}]}, {"tagName": "TileLayer", "attributes": {"options": {"visible": false, "type": "base", "title": "CartoDB (light_all)"}}, "importSource": {"source": "components-test-lib.js", "sourceType": "NAME", "fallback": "\u231b", "unmountBeforeUpdate": false}, "children": [{"tagName": "XYZSource", "attributes": {"options": {"url": "http://{1-4}.basemaps.cartocdn.com/light_all/{z}/{x}/{y}.png"}}, "importSource": {"source": "components-test-lib.js", "sourceType": "NAME", "fallback": "\u231b", "unmountBeforeUpdate": false}}]}, {"tagName": "TileLayer", "attributes": {"options": {"visible": false, "type": "base", "title": "CartoDB (light_nolabels)"}}, "importSource": {"source": "components-test-lib.js", "sourceType": "NAME", "fallback": "\u231b", "unmountBeforeUpdate": false}, "children": [{"tagName": "XYZSource", "attributes": {"options": {"url": "http://{1-4}.basemaps.cartocdn.com/light_nolabels/{z}/{x}/{y}.png"}}, "importSource": {"source": "components-test-lib.js", "sourceType": "NAME", "fallback": "\u231b", "unmountBeforeUpdate": false}}]}, {"tagName": "TileLayer", "attributes": {"options": {"visible": false, "type": "base", "title": "CartoDB (dark_all)"}}, "importSource": {"source": "components-test-lib.js", "sourceType": "NAME", "fallback": "\u231b", "unmountBeforeUpdate": false}, "children": [{"tagName": "XYZSource", "attributes": {"options": {"url": "http://{1-4}.basemaps.cartocdn.com/dark_all/{z}/{x}/{y}.png"}}, "importSource": {"source": "components-test-lib.js", "sourceType": "NAME", "fallback": "\u231b", "unmountBeforeUpdate": false}}]}, {"tagName": "TileLayer", "attributes": {"options": {"visible": false, "type": "base", "title": "CartoDB (dark_nolabels)"}}, "importSource": {"source": "components-test-lib.js", "sourceType": "NAME", "fallback": "\u231b", "unmountBeforeUpdate": false}, "children": [{"tagName": "XYZSource", "attributes": {"options": {"url": "http://{1-4}.basemaps.cartocdn.com/dark_nolabels/{z}/{x}/{y}.png"}}, "importSource": {"source": "components-test-lib.js", "sourceType": "NAME", "fallback": "\u231b", "unmountBeforeUpdate": false}}]}]}, {"tagName": "GroupLayer", "attributes": {"options": {"title": "Overlays", "fold": "open"}}, "importSource": {"source": "components-test-lib.js", "sourceType": "NAME", "fallback": "\u231b", "unmountBeforeUpdate": false}, "children": []}, {"tagName": "ScaleLineControl", "importSource": {"source": "components-test-lib.js", "sourceType": "NAME", "fallback": "\u231b", "unmountBeforeUpdate": false}}, {"tagName": "LayerPanel", "importSource": {"source": "components-test-lib.js", "sourceType": "NAME", "fallback": "\u231b", "unmountBeforeUpdate": false}}]}