{"tagName": "Container", "attributes": {"fluid": true, "style": {"height": "100%"}}, "importSource": {"source": "components-test-lib.js", "sourceType": "NAME", "fallback": "\u231b", "unmountBeforeUpdate": false}, "children": []}