{"tagName": "div", "children": [{"tagName": "ReactPlayer", "attributes": {"url": "https://www.youtube.com/watch?v=xvFZjo5PgG0"}, "eventHandlers": {"onReady": null}, "importSource": {"source": "test_page_3.js", "sourceType": "NAME", "fallback": "\u231b", "unmountBeforeUpdate": false}}]}