{"tagName": "div", "children": [{"tagName": "Container", "attributes": {"fluid": true, "style": {"height": "calc(100vh - 75px"}}, "importSource": {"source": "test_page_1.js", "sourceType": "NAME", "fallback": "\u231b", "unmountBeforeUpdate": false}, "children": [{"tagName": "Row", "importSource": {"source": "test_page_1.js", "sourceType": "NAME", "fallback": "\u231b", "unmountBeforeUpdate": false}, "children": [{"tagName": "Button", "importSource": {"source": "test_page_1.js", "sourceType": "NAME", "fallback": "\u231b", "unmountBeforeUpdate": false}, "children": ["Render"]}]}, {"tagName": "Row", "importSource": {"source": "test_page_1.js", "sourceType": "NAME", "fallback": "\u231b", "unmountBeforeUpdate": false}, "children": [{"tagName": "Col", "attributes": {"style": {"width": "50vw"}}, "importSource": {"source": "test_page_1.js", "sourceType": "NAME", "fallback": "\u231b", "unmountBeforeUpdate": false}, "children": [{"tagName": "Editor", "attributes": {"height": "80vh", "language": "python", "theme": "vs-dark", "value": "", "options": {"inlineSuggest": true, "fontSize": "16px", "formatOnType": true}}, "importSource": {"source": "test_page_1.js", "sourceType": "NAME", "fallback": "\u231b", "unmountBeforeUpdate": false}}]}, {"tagName": "Col", "attributes": {"style": {"width": "50vw"}}, "importSource": {"source": "test_page_1.js", "sourceType": "NAME", "fallback": "\u231b", "unmountBeforeUpdate": false}, "children": [{"tagName": "iframe", "attributes": {"style": {"height": "100%", "width": "100%"}, "src": "/apps/component-app-playground/render", "title": "Result"}}]}]}, {"tagName": "Row", "importSource": {"source": "test_page_1.js", "sourceType": "NAME", "fallback": "\u231b", "unmountBeforeUpdate": false}, "children": [{"tagName": "Button", "importSource": {"source": "test_page_1.js", "sourceType": "NAME", "fallback": "\u231b", "unmountBeforeUpdate": false}, "children": ["Render"]}]}]}]}